Archive member included because of file (symbol)

/usr/local/Cellar/avr-gcc/4.8.3/lib/gcc/avr/4.8.3/../../../../avr/lib/avr5/libprintf_flt.a(vfprintf_flt.o)
                              (vfprintf)
/usr/local/Cellar/avr-gcc/4.8.3/lib/gcc/avr/4.8.3/../../../../avr/lib/avr5/libc.a(exit.o)
                              /usr/local/Cellar/avr-gcc/4.8.3/lib/gcc/avr/4.8.3/../../../../avr/lib/avr5/crtm168.o (exit)
/usr/local/Cellar/avr-gcc/4.8.3/lib/gcc/avr/4.8.3/../../../../avr/lib/avr5/libc.a(ftoa_engine.o)
                              /usr/local/Cellar/avr-gcc/4.8.3/lib/gcc/avr/4.8.3/../../../../avr/lib/avr5/libprintf_flt.a(vfprintf_flt.o) (__ftoa_engine)
/usr/local/Cellar/avr-gcc/4.8.3/lib/gcc/avr/4.8.3/../../../../avr/lib/avr5/libc.a(strnlen_P.o)
                              /usr/local/Cellar/avr-gcc/4.8.3/lib/gcc/avr/4.8.3/../../../../avr/lib/avr5/libprintf_flt.a(vfprintf_flt.o) (strnlen_P)
/usr/local/Cellar/avr-gcc/4.8.3/lib/gcc/avr/4.8.3/../../../../avr/lib/avr5/libc.a(strnlen.o)
                              /usr/local/Cellar/avr-gcc/4.8.3/lib/gcc/avr/4.8.3/../../../../avr/lib/avr5/libprintf_flt.a(vfprintf_flt.o) (strnlen)
/usr/local/Cellar/avr-gcc/4.8.3/lib/gcc/avr/4.8.3/../../../../avr/lib/avr5/libc.a(fputc.o)
                              /usr/local/Cellar/avr-gcc/4.8.3/lib/gcc/avr/4.8.3/../../../../avr/lib/avr5/libprintf_flt.a(vfprintf_flt.o) (fputc)
/usr/local/Cellar/avr-gcc/4.8.3/lib/gcc/avr/4.8.3/../../../../avr/lib/avr5/libc.a(ultoa_invert.o)
                              /usr/local/Cellar/avr-gcc/4.8.3/lib/gcc/avr/4.8.3/../../../../avr/lib/avr5/libprintf_flt.a(vfprintf_flt.o) (__ultoa_invert)
/usr/local/Cellar/avr-gcc/4.8.3/lib/gcc/avr/4.8.3/avr5/libgcc.a(_divmodhi4.o)
                              main.o (__divmodhi4)
/usr/local/Cellar/avr-gcc/4.8.3/lib/gcc/avr/4.8.3/avr5/libgcc.a(_prologue.o)
                              /usr/local/Cellar/avr-gcc/4.8.3/lib/gcc/avr/4.8.3/../../../../avr/lib/avr5/libprintf_flt.a(vfprintf_flt.o) (__prologue_saves__)
/usr/local/Cellar/avr-gcc/4.8.3/lib/gcc/avr/4.8.3/avr5/libgcc.a(_epilogue.o)
                              /usr/local/Cellar/avr-gcc/4.8.3/lib/gcc/avr/4.8.3/../../../../avr/lib/avr5/libprintf_flt.a(vfprintf_flt.o) (__epilogue_restores__)
/usr/local/Cellar/avr-gcc/4.8.3/lib/gcc/avr/4.8.3/avr5/libgcc.a(_exit.o)
                              /usr/local/Cellar/avr-gcc/4.8.3/lib/gcc/avr/4.8.3/../../../../avr/lib/avr5/libc.a(exit.o) (_exit)
/usr/local/Cellar/avr-gcc/4.8.3/lib/gcc/avr/4.8.3/avr5/libgcc.a(_copy_data.o)
                              main.o (__do_copy_data)
/usr/local/Cellar/avr-gcc/4.8.3/lib/gcc/avr/4.8.3/avr5/libgcc.a(_udivmodhi4.o)
                              /usr/local/Cellar/avr-gcc/4.8.3/lib/gcc/avr/4.8.3/avr5/libgcc.a(_divmodhi4.o) (__udivmodhi4)
